  main.cpp
C:\Users\User\Videos\main_project\main_project\main.cpp(130,1): warning C4566: character represented by universal-character-name '\u099B' cannot be represented in the current code page (1252)
C:\Users\User\Videos\main_project\main_project\main.cpp(130,1): warning C4566: character represented by universal-character-name '\u09BF' cannot be represented in the current code page (1252)
C:\Users\User\Videos\main_project\main_project\main.cpp(130,1): warning C4566: character represented by universal-character-name '\u09B2' cannot be represented in the current code page (1252)
C:\Users\User\Videos\main_project\main_project\main.cpp(160,1): warning C4566: character represented by universal-character-name '\u2500' cannot be represented in the current code page (1252)
C:\Users\User\Videos\main_project\main_project\main.cpp(167,1): warning C4566: character represented by universal-character-name '\u2500' cannot be represented in the current code page (1252)
C:\Users\User\Videos\main_project\main_project\main.cpp(176,1): warning C4566: character represented by universal-character-name '\u2500' cannot be represented in the current code page (1252)
C:\Users\User\Videos\main_project\main_project\main.cpp(184,1): warning C4566: character represented by universal-character-name '\u2500' cannot be represented in the current code page (1252)
C:\Users\User\Videos\main_project\main_project\main.cpp(189,1): warning C4566: character represented by universal-character-name '\u099B' cannot be represented in the current code page (1252)
C:\Users\User\Videos\main_project\main_project\main.cpp(189,1): warning C4566: character represented by universal-character-name '\u09BF' cannot be represented in the current code page (1252)
C:\Users\User\Videos\main_project\main_project\main.cpp(189,1): warning C4566: character represented by universal-character-name '\u09B2' cannot be represented in the current code page (1252)
C:\Users\User\Videos\main_project\main_project\main.cpp(201,1): warning C4566: character represented by universal-character-name '\u099B' cannot be represented in the current code page (1252)
C:\Users\User\Videos\main_project\main_project\main.cpp(201,1): warning C4566: character represented by universal-character-name '\u09BF' cannot be represented in the current code page (1252)
C:\Users\User\Videos\main_project\main_project\main.cpp(201,1): warning C4566: character represented by universal-character-name '\u09B2' cannot be represented in the current code page (1252)
C:\Users\User\Videos\main_project\main_project\main.cpp(219,1): warning C4566: character represented by universal-character-name '\u099B' cannot be represented in the current code page (1252)
C:\Users\User\Videos\main_project\main_project\main.cpp(219,1): warning C4566: character represented by universal-character-name '\u09BF' cannot be represented in the current code page (1252)
C:\Users\User\Videos\main_project\main_project\main.cpp(219,1): warning C4566: character represented by universal-character-name '\u09B2' cannot be represented in the current code page (1252)
C:\Users\User\Videos\main_project\main_project\main.cpp(229,1): warning C4566: character represented by universal-character-name '\u2500' cannot be represented in the current code page (1252)
C:\Users\User\Videos\main_project\main_project\main.cpp(231,1): warning C4566: character represented by universal-character-name '\u2192' cannot be represented in the current code page (1252)
C:\Users\User\Videos\main_project\main_project\main.cpp(2916,9): warning C4566: character represented by universal-character-name '\u2554' cannot be represented in the current code page (1252)
C:\Users\User\Videos\main_project\main_project\main.cpp(2916,9): warning C4566: character represented by universal-character-name '\u2550' cannot be represented in the current code page (1252)
C:\Users\User\Videos\main_project\main_project\main.cpp(2916,9): warning C4566: character represented by universal-character-name '\u2557' cannot be represented in the current code page (1252)
C:\Users\User\Videos\main_project\main_project\main.cpp(2917,9): warning C4566: character represented by universal-character-name '\u2551' cannot be represented in the current code page (1252)
C:\Users\User\Videos\main_project\main_project\main.cpp(2918,9): warning C4566: character represented by universal-character-name '\u2560' cannot be represented in the current code page (1252)
C:\Users\User\Videos\main_project\main_project\main.cpp(2918,9): warning C4566: character represented by universal-character-name '\u2550' cannot be represented in the current code page (1252)
C:\Users\User\Videos\main_project\main_project\main.cpp(2918,9): warning C4566: character represented by universal-character-name '\u2563' cannot be represented in the current code page (1252)
C:\Users\User\Videos\main_project\main_project\main.cpp(2919,9): warning C4566: character represented by universal-character-name '\u2551' cannot be represented in the current code page (1252)
C:\Users\User\Videos\main_project\main_project\main.cpp(2920,9): warning C4566: character represented by universal-character-name '\u2560' cannot be represented in the current code page (1252)
C:\Users\User\Videos\main_project\main_project\main.cpp(2920,9): warning C4566: character represented by universal-character-name '\u2550' cannot be represented in the current code page (1252)
C:\Users\User\Videos\main_project\main_project\main.cpp(2920,9): warning C4566: character represented by universal-character-name '\u2563' cannot be represented in the current code page (1252)
C:\Users\User\Videos\main_project\main_project\main.cpp(2921,9): warning C4566: character represented by universal-character-name '\u2551' cannot be represented in the current code page (1252)
C:\Users\User\Videos\main_project\main_project\main.cpp(2921,9): warning C4566: character represented by universal-character-name '\u2192' cannot be represented in the current code page (1252)
C:\Users\User\Videos\main_project\main_project\main.cpp(2922,9): warning C4566: character represented by universal-character-name '\u2551' cannot be represented in the current code page (1252)
C:\Users\User\Videos\main_project\main_project\main.cpp(2922,9): warning C4566: character represented by universal-character-name '\u2192' cannot be represented in the current code page (1252)
C:\Users\User\Videos\main_project\main_project\main.cpp(2923,9): warning C4566: character represented by universal-character-name '\u2551' cannot be represented in the current code page (1252)
C:\Users\User\Videos\main_project\main_project\main.cpp(2923,9): warning C4566: character represented by universal-character-name '\u2192' cannot be represented in the current code page (1252)
C:\Users\User\Videos\main_project\main_project\main.cpp(2924,9): warning C4566: character represented by universal-character-name '\u2551' cannot be represented in the current code page (1252)
C:\Users\User\Videos\main_project\main_project\main.cpp(2924,9): warning C4566: character represented by universal-character-name '\u2192' cannot be represented in the current code page (1252)
C:\Users\User\Videos\main_project\main_project\main.cpp(2925,9): warning C4566: character represented by universal-character-name '\u2551' cannot be represented in the current code page (1252)
C:\Users\User\Videos\main_project\main_project\main.cpp(2925,9): warning C4566: character represented by universal-character-name '\u2192' cannot be represented in the current code page (1252)
C:\Users\User\Videos\main_project\main_project\main.cpp(2926,9): warning C4566: character represented by universal-character-name '\u2551' cannot be represented in the current code page (1252)
C:\Users\User\Videos\main_project\main_project\main.cpp(2926,9): warning C4566: character represented by universal-character-name '\u2192' cannot be represented in the current code page (1252)
C:\Users\User\Videos\main_project\main_project\main.cpp(2927,9): warning C4566: character represented by universal-character-name '\u2560' cannot be represented in the current code page (1252)
C:\Users\User\Videos\main_project\main_project\main.cpp(2927,9): warning C4566: character represented by universal-character-name '\u2550' cannot be represented in the current code page (1252)
C:\Users\User\Videos\main_project\main_project\main.cpp(2927,9): warning C4566: character represented by universal-character-name '\u2563' cannot be represented in the current code page (1252)
C:\Users\User\Videos\main_project\main_project\main.cpp(2928,9): warning C4566: character represented by universal-character-name '\u2551' cannot be represented in the current code page (1252)
C:\Users\User\Videos\main_project\main_project\main.cpp(2929,9): warning C4566: character represented by universal-character-name '\u2560' cannot be represented in the current code page (1252)
C:\Users\User\Videos\main_project\main_project\main.cpp(2929,9): warning C4566: character represented by universal-character-name '\u2550' cannot be represented in the current code page (1252)
C:\Users\User\Videos\main_project\main_project\main.cpp(2929,9): warning C4566: character represented by universal-character-name '\u2563' cannot be represented in the current code page (1252)
C:\Users\User\Videos\main_project\main_project\main.cpp(2930,9): warning C4566: character represented by universal-character-name '\u2551' cannot be represented in the current code page (1252)
C:\Users\User\Videos\main_project\main_project\main.cpp(2930,9): warning C4566: character represented by universal-character-name '\u2192' cannot be represented in the current code page (1252)
C:\Users\User\Videos\main_project\main_project\main.cpp(2931,9): warning C4566: character represented by universal-character-name '\u2551' cannot be represented in the current code page (1252)
C:\Users\User\Videos\main_project\main_project\main.cpp(2931,9): warning C4566: character represented by universal-character-name '\u2192' cannot be represented in the current code page (1252)
C:\Users\User\Videos\main_project\main_project\main.cpp(2932,9): warning C4566: character represented by universal-character-name '\u2551' cannot be represented in the current code page (1252)
C:\Users\User\Videos\main_project\main_project\main.cpp(2932,9): warning C4566: character represented by universal-character-name '\u2192' cannot be represented in the current code page (1252)
C:\Users\User\Videos\main_project\main_project\main.cpp(2933,9): warning C4566: character represented by universal-character-name '\u2560' cannot be represented in the current code page (1252)
C:\Users\User\Videos\main_project\main_project\main.cpp(2933,9): warning C4566: character represented by universal-character-name '\u2550' cannot be represented in the current code page (1252)
C:\Users\User\Videos\main_project\main_project\main.cpp(2933,9): warning C4566: character represented by universal-character-name '\u2563' cannot be represented in the current code page (1252)
C:\Users\User\Videos\main_project\main_project\main.cpp(2934,9): warning C4566: character represented by universal-character-name '\u2551' cannot be represented in the current code page (1252)
C:\Users\User\Videos\main_project\main_project\main.cpp(2935,9): warning C4566: character represented by universal-character-name '\u2560' cannot be represented in the current code page (1252)
C:\Users\User\Videos\main_project\main_project\main.cpp(2935,9): warning C4566: character represented by universal-character-name '\u2550' cannot be represented in the current code page (1252)
C:\Users\User\Videos\main_project\main_project\main.cpp(2935,9): warning C4566: character represented by universal-character-name '\u2563' cannot be represented in the current code page (1252)
C:\Users\User\Videos\main_project\main_project\main.cpp(2936,9): warning C4566: character represented by universal-character-name '\u2551' cannot be represented in the current code page (1252)
C:\Users\User\Videos\main_project\main_project\main.cpp(2936,9): warning C4566: character represented by universal-character-name '\u2192' cannot be represented in the current code page (1252)
C:\Users\User\Videos\main_project\main_project\main.cpp(2937,9): warning C4566: character represented by universal-character-name '\u2551' cannot be represented in the current code page (1252)
C:\Users\User\Videos\main_project\main_project\main.cpp(2937,9): warning C4566: character represented by universal-character-name '\u2192' cannot be represented in the current code page (1252)
C:\Users\User\Videos\main_project\main_project\main.cpp(2938,9): warning C4566: character represented by universal-character-name '\u2560' cannot be represented in the current code page (1252)
C:\Users\User\Videos\main_project\main_project\main.cpp(2938,9): warning C4566: character represented by universal-character-name '\u2550' cannot be represented in the current code page (1252)
C:\Users\User\Videos\main_project\main_project\main.cpp(2938,9): warning C4566: character represented by universal-character-name '\u2563' cannot be represented in the current code page (1252)
C:\Users\User\Videos\main_project\main_project\main.cpp(2939,9): warning C4566: character represented by universal-character-name '\u2551' cannot be represented in the current code page (1252)
C:\Users\User\Videos\main_project\main_project\main.cpp(2940,9): warning C4566: character represented by universal-character-name '\u2560' cannot be represented in the current code page (1252)
C:\Users\User\Videos\main_project\main_project\main.cpp(2940,9): warning C4566: character represented by universal-character-name '\u2550' cannot be represented in the current code page (1252)
C:\Users\User\Videos\main_project\main_project\main.cpp(2940,9): warning C4566: character represented by universal-character-name '\u2563' cannot be represented in the current code page (1252)
C:\Users\User\Videos\main_project\main_project\main.cpp(2941,9): warning C4566: character represented by universal-character-name '\u2551' cannot be represented in the current code page (1252)
C:\Users\User\Videos\main_project\main_project\main.cpp(2941,9): warning C4566: character represented by universal-character-name '\u2192' cannot be represented in the current code page (1252)
C:\Users\User\Videos\main_project\main_project\main.cpp(2942,9): warning C4566: character represented by universal-character-name '\u2551' cannot be represented in the current code page (1252)
C:\Users\User\Videos\main_project\main_project\main.cpp(2942,9): warning C4566: character represented by universal-character-name '\u2192' cannot be represented in the current code page (1252)
C:\Users\User\Videos\main_project\main_project\main.cpp(2943,9): warning C4566: character represented by universal-character-name '\u2551' cannot be represented in the current code page (1252)
C:\Users\User\Videos\main_project\main_project\main.cpp(2943,9): warning C4566: character represented by universal-character-name '\u2192' cannot be represented in the current code page (1252)
C:\Users\User\Videos\main_project\main_project\main.cpp(2944,9): warning C4566: character represented by universal-character-name '\u2551' cannot be represented in the current code page (1252)
C:\Users\User\Videos\main_project\main_project\main.cpp(2944,9): warning C4566: character represented by universal-character-name '\u2192' cannot be represented in the current code page (1252)
C:\Users\User\Videos\main_project\main_project\main.cpp(2945,9): warning C4566: character represented by universal-character-name '\u2560' cannot be represented in the current code page (1252)
C:\Users\User\Videos\main_project\main_project\main.cpp(2945,9): warning C4566: character represented by universal-character-name '\u2550' cannot be represented in the current code page (1252)
C:\Users\User\Videos\main_project\main_project\main.cpp(2945,9): warning C4566: character represented by universal-character-name '\u2563' cannot be represented in the current code page (1252)
C:\Users\User\Videos\main_project\main_project\main.cpp(2946,9): warning C4566: character represented by universal-character-name '\u2551' cannot be represented in the current code page (1252)
C:\Users\User\Videos\main_project\main_project\main.cpp(2947,9): warning C4566: character represented by universal-character-name '\u2560' cannot be represented in the current code page (1252)
C:\Users\User\Videos\main_project\main_project\main.cpp(2947,9): warning C4566: character represented by universal-character-name '\u2550' cannot be represented in the current code page (1252)
C:\Users\User\Videos\main_project\main_project\main.cpp(2947,9): warning C4566: character represented by universal-character-name '\u2563' cannot be represented in the current code page (1252)
C:\Users\User\Videos\main_project\main_project\main.cpp(2948,9): warning C4566: character represented by universal-character-name '\u2551' cannot be represented in the current code page (1252)
C:\Users\User\Videos\main_project\main_project\main.cpp(2948,9): warning C4566: character represented by universal-character-name '\u2192' cannot be represented in the current code page (1252)
C:\Users\User\Videos\main_project\main_project\main.cpp(2949,9): warning C4566: character represented by universal-character-name '\u2551' cannot be represented in the current code page (1252)
C:\Users\User\Videos\main_project\main_project\main.cpp(2950,9): warning C4566: character represented by universal-character-name '\u2551' cannot be represented in the current code page (1252)
C:\Users\User\Videos\main_project\main_project\main.cpp(2951,9): warning C4566: character represented by universal-character-name '\u2551' cannot be represented in the current code page (1252)
C:\Users\User\Videos\main_project\main_project\main.cpp(2952,9): warning C4566: character represented by universal-character-name '\u2551' cannot be represented in the current code page (1252)
C:\Users\User\Videos\main_project\main_project\main.cpp(2953,9): warning C4566: character represented by universal-character-name '\u2560' cannot be represented in the current code page (1252)
C:\Users\User\Videos\main_project\main_project\main.cpp(2953,9): warning C4566: character represented by universal-character-name '\u2550' cannot be represented in the current code page (1252)
C:\Users\User\Videos\main_project\main_project\main.cpp(2953,9): warning C4566: character represented by universal-character-name '\u2563' cannot be represented in the current code page (1252)
C:\Users\User\Videos\main_project\main_project\main.cpp(2954,9): warning C4566: character represented by universal-character-name '\u2551' cannot be represented in the current code page (1252)
C:\Users\User\Videos\main_project\main_project\main.cpp(2955,9): warning C4566: character represented by universal-character-name '\u2560' cannot be represented in the current code page (1252)
C:\Users\User\Videos\main_project\main_project\main.cpp(2955,9): warning C4566: character represented by universal-character-name '\u2550' cannot be represented in the current code page (1252)
C:\Users\User\Videos\main_project\main_project\main.cpp(2955,9): warning C4566: character represented by universal-character-name '\u2563' cannot be represented in the current code page (1252)
C:\Users\User\Videos\main_project\main_project\main.cpp(2956,9): warning C4566: character represented by universal-character-name '\u2551' cannot be represented in the current code page (1252)
C:\Users\User\Videos\main_project\main_project\main.cpp(2956,9): warning C4566: character represented by universal-character-name '\u2192' cannot be represented in the current code page (1252)
C:\Users\User\Videos\main_project\main_project\main.cpp(2957,9): warning C4566: character represented by universal-character-name '\u2551' cannot be represented in the current code page (1252)
C:\Users\User\Videos\main_project\main_project\main.cpp(2957,9): warning C4566: character represented by universal-character-name '\u2192' cannot be represented in the current code page (1252)
C:\Users\User\Videos\main_project\main_project\main.cpp(2958,9): warning C4566: character represented by universal-character-name '\u2551' cannot be represented in the current code page (1252)
C:\Users\User\Videos\main_project\main_project\main.cpp(2958,9): warning C4566: character represented by universal-character-name '\u2192' cannot be represented in the current code page (1252)
C:\Users\User\Videos\main_project\main_project\main.cpp(2959,9): warning C4566: character represented by universal-character-name '\u2551' cannot be represented in the current code page (1252)
C:\Users\User\Videos\main_project\main_project\main.cpp(2959,9): warning C4566: character represented by universal-character-name '\u2192' cannot be represented in the current code page (1252)
C:\Users\User\Videos\main_project\main_project\main.cpp(2960,9): warning C4566: character represented by universal-character-name '\u2551' cannot be represented in the current code page (1252)
C:\Users\User\Videos\main_project\main_project\main.cpp(2960,9): warning C4566: character represented by universal-character-name '\u2192' cannot be represented in the current code page (1252)
C:\Users\User\Videos\main_project\main_project\main.cpp(2961,9): warning C4566: character represented by universal-character-name '\u2551' cannot be represented in the current code page (1252)
C:\Users\User\Videos\main_project\main_project\main.cpp(2961,9): warning C4566: character represented by universal-character-name '\u2192' cannot be represented in the current code page (1252)
C:\Users\User\Videos\main_project\main_project\main.cpp(2962,9): warning C4566: character represented by universal-character-name '\u2560' cannot be represented in the current code page (1252)
C:\Users\User\Videos\main_project\main_project\main.cpp(2962,9): warning C4566: character represented by universal-character-name '\u2550' cannot be represented in the current code page (1252)
C:\Users\User\Videos\main_project\main_project\main.cpp(2962,9): warning C4566: character represented by universal-character-name '\u2563' cannot be represented in the current code page (1252)
C:\Users\User\Videos\main_project\main_project\main.cpp(2963,9): warning C4566: character represented by universal-character-name '\u2551' cannot be represented in the current code page (1252)
C:\Users\User\Videos\main_project\main_project\main.cpp(2964,9): warning C4566: character represented by universal-character-name '\u2560' cannot be represented in the current code page (1252)
C:\Users\User\Videos\main_project\main_project\main.cpp(2964,9): warning C4566: character represented by universal-character-name '\u2550' cannot be represented in the current code page (1252)
C:\Users\User\Videos\main_project\main_project\main.cpp(2964,9): warning C4566: character represented by universal-character-name '\u2563' cannot be represented in the current code page (1252)
C:\Users\User\Videos\main_project\main_project\main.cpp(2965,9): warning C4566: character represented by universal-character-name '\u2551' cannot be represented in the current code page (1252)
C:\Users\User\Videos\main_project\main_project\main.cpp(2965,9): warning C4566: character represented by universal-character-name '\u2192' cannot be represented in the current code page (1252)
C:\Users\User\Videos\main_project\main_project\main.cpp(2966,9): warning C4566: character represented by universal-character-name '\u2551' cannot be represented in the current code page (1252)
C:\Users\User\Videos\main_project\main_project\main.cpp(2966,9): warning C4566: character represented by universal-character-name '\u2192' cannot be represented in the current code page (1252)
C:\Users\User\Videos\main_project\main_project\main.cpp(2967,9): warning C4566: character represented by universal-character-name '\u2551' cannot be represented in the current code page (1252)
C:\Users\User\Videos\main_project\main_project\main.cpp(2967,9): warning C4566: character represented by universal-character-name '\u2192' cannot be represented in the current code page (1252)
C:\Users\User\Videos\main_project\main_project\main.cpp(2968,9): warning C4566: character represented by universal-character-name '\u2551' cannot be represented in the current code page (1252)
C:\Users\User\Videos\main_project\main_project\main.cpp(2968,9): warning C4566: character represented by universal-character-name '\u2192' cannot be represented in the current code page (1252)
C:\Users\User\Videos\main_project\main_project\main.cpp(2969,9): warning C4566: character represented by universal-character-name '\u2551' cannot be represented in the current code page (1252)
C:\Users\User\Videos\main_project\main_project\main.cpp(2969,9): warning C4566: character represented by universal-character-name '\u2192' cannot be represented in the current code page (1252)
C:\Users\User\Videos\main_project\main_project\main.cpp(2970,9): warning C4566: character represented by universal-character-name '\u2560' cannot be represented in the current code page (1252)
C:\Users\User\Videos\main_project\main_project\main.cpp(2970,9): warning C4566: character represented by universal-character-name '\u2550' cannot be represented in the current code page (1252)
C:\Users\User\Videos\main_project\main_project\main.cpp(2970,9): warning C4566: character represented by universal-character-name '\u2563' cannot be represented in the current code page (1252)
C:\Users\User\Videos\main_project\main_project\main.cpp(2971,9): warning C4566: character represented by universal-character-name '\u2551' cannot be represented in the current code page (1252)
C:\Users\User\Videos\main_project\main_project\main.cpp(2972,9): warning C4566: character represented by universal-character-name '\u2560' cannot be represented in the current code page (1252)
C:\Users\User\Videos\main_project\main_project\main.cpp(2972,9): warning C4566: character represented by universal-character-name '\u2550' cannot be represented in the current code page (1252)
C:\Users\User\Videos\main_project\main_project\main.cpp(2972,9): warning C4566: character represented by universal-character-name '\u2563' cannot be represented in the current code page (1252)
C:\Users\User\Videos\main_project\main_project\main.cpp(2973,9): warning C4566: character represented by universal-character-name '\u2551' cannot be represented in the current code page (1252)
C:\Users\User\Videos\main_project\main_project\main.cpp(2973,9): warning C4566: character represented by universal-character-name '\u2192' cannot be represented in the current code page (1252)
C:\Users\User\Videos\main_project\main_project\main.cpp(2974,9): warning C4566: character represented by universal-character-name '\u2551' cannot be represented in the current code page (1252)
C:\Users\User\Videos\main_project\main_project\main.cpp(2974,9): warning C4566: character represented by universal-character-name '\u2192' cannot be represented in the current code page (1252)
C:\Users\User\Videos\main_project\main_project\main.cpp(2975,9): warning C4566: character represented by universal-character-name '\u2551' cannot be represented in the current code page (1252)
C:\Users\User\Videos\main_project\main_project\main.cpp(2975,9): warning C4566: character represented by universal-character-name '\u2192' cannot be represented in the current code page (1252)
C:\Users\User\Videos\main_project\main_project\main.cpp(2976,9): warning C4566: character represented by universal-character-name '\u2560' cannot be represented in the current code page (1252)
C:\Users\User\Videos\main_project\main_project\main.cpp(2976,9): warning C4566: character represented by universal-character-name '\u2550' cannot be represented in the current code page (1252)
C:\Users\User\Videos\main_project\main_project\main.cpp(2976,9): warning C4566: character represented by universal-character-name '\u2563' cannot be represented in the current code page (1252)
C:\Users\User\Videos\main_project\main_project\main.cpp(2977,9): warning C4566: character represented by universal-character-name '\u2551' cannot be represented in the current code page (1252)
C:\Users\User\Videos\main_project\main_project\main.cpp(2977,9): warning C4566: character represented by universal-character-name '\u2192' cannot be represented in the current code page (1252)
C:\Users\User\Videos\main_project\main_project\main.cpp(2978,9): warning C4566: character represented by universal-character-name '\u255A' cannot be represented in the current code page (1252)
C:\Users\User\Videos\main_project\main_project\main.cpp(2978,9): warning C4566: character represented by universal-character-name '\u2550' cannot be represented in the current code page (1252)
C:\Users\User\Videos\main_project\main_project\main.cpp(2978,9): warning C4566: character represented by universal-character-name '\u255D' cannot be represented in the current code page (1252)
  main_project.vcxproj -> C:\Users\User\Videos\main_project\x64\Debug\main_project.exe
